============================= test session starts =============================
platform win32 -- Python 3.13.11, pytest-9.0.2, pluggy-1.6.0
rootdir: D:\Hanzala\book\pia
configfile: pyproject.toml
plugins: anyio-4.12.1
collected 5 items / 3 errors

=================================== ERRORS ====================================
____________ ERROR collecting tests/unit/test_interactive_menu.py _____________
ImportError while importing test module 'D:\Hanzala\book\pia\tests\unit\test_interactive_menu.py'.
Hint: make sure your test modules/packages have valid Python names.
Traceback:
C:\Users\HP\AppData\Local\Programs\Python\Python313\Lib\importlib\__init__.py:88: in import_module
    return _bootstrap._gcd_import(name[level:], package, level)
           ^^^^^^^^^^^^^^^^^^^^^^^^^^^^^^^^^^^^^^^^^^^^^^^^^^^^
tests\unit\test_interactive_menu.py:6: in <module>
    from src.todo_app.cli.interactive_menu import InteractiveSession, MenuItem
E   ModuleNotFoundError: No module named 'src'
__________________ ERROR collecting tests/unit/test_task.py ___________________
ImportError while importing test module 'D:\Hanzala\book\pia\tests\unit\test_task.py'.
Hint: make sure your test modules/packages have valid Python names.
Traceback:
C:\Users\HP\AppData\Local\Programs\Python\Python313\Lib\importlib\__init__.py:88: in import_module
    return _bootstrap._gcd_import(name[level:], package, level)
           ^^^^^^^^^^^^^^^^^^^^^^^^^^^^^^^^^^^^^^^^^^^^^^^^^^^^
tests\unit\test_task.py:5: in <module>
    from src.todo_app.models.task import Task
E   ModuleNotFoundError: No module named 'src'
______________ ERROR collecting tests/unit/test_task_service.py _______________
ImportError while importing test module 'D:\Hanzala\book\pia\tests\unit\test_task_service.py'.
Hint: make sure your test modules/packages have valid Python names.
Traceback:
C:\Users\HP\AppData\Local\Programs\Python\Python313\Lib\importlib\__init__.py:88: in import_module
    return _bootstrap._gcd_import(name[level:], package, level)
           ^^^^^^^^^^^^^^^^^^^^^^^^^^^^^^^^^^^^^^^^^^^^^^^^^^^^
tests\unit\test_task_service.py:5: in <module>
    from src.todo_app.services.task_service import TaskService
E   ModuleNotFoundError: No module named 'src'
=========================== short test summary info ===========================
ERROR tests/unit/test_interactive_menu.py
ERROR tests/unit/test_task.py
ERROR tests/unit/test_task_service.py
!!!!!!!!!!!!!!!!!!! Interrupted: 3 errors during collection !!!!!!!!!!!!!!!!!!!
============================== 3 errors in 0.22s ==============================
